<world>
<properties>
defaultSize height='15' width='20'/>
</properties>
<objects>
<wall x='1' y='9' length='1' style='horizontal'/>
<wall x='1' y='1' length='1' style='horizontal'/>
<wall x='2' y='9' length='1' style='horizontal'/>
<wall x='2' y='5' length='1' style='vertical'/>
<wall x='2' y='4' length='1' style='vertical'/>
<wall x='2' y='3' length='1' style='vertical'/>
<wall x='2' y='2' length='1' style='vertical'/>
<wall x='2' y='1' length='1' style='horizontal'/>
<wall x='3' y='9' length='1' style='horizontal'/>
<wall x='3' y='5' length='1' style='horizontal'/>
<wall x='3' y='1' length='1' style='horizontal'/>
<beeper x='4' y='10' num='5'/>
<wall x='4' y='9' length='1' style='horizontal'/>
<wall x='4' y='5' length='1' style='horizontal'/>
<wall x='4' y='5' length='1' style='vertical'/>
<wall x='4' y='4' length='1' style='vertical'/>
<wall x='4' y='3' length='1' style='vertical'/>
<wall x='4' y='2' length='1' style='vertical'/>
<wall x='4' y='1' length='1' style='horizontal'/>
<wall x='5' y='9' length='1' style='horizontal'/>
<wall x='5' y='5' length='1' style='horizontal'/>
<wall x='5' y='1' length='1' style='horizontal'/>
<wall x='6' y='9' length='1' style='horizontal'/>
<wall x='6' y='1' length='1' style='horizontal'/>
<wall x='7' y='9' length='1' style='horizontal'/>
<wall x='7' y='4' length='1' style='vertical'/>
<wall x='7' y='3' length='1' style='vertical'/>
<wall x='7' y='2' length='1' style='vertical'/>
<wall x='7' y='1' length='1' style='horizontal'/>
<beeper x='8' y='10' num='2'/>
<wall x='8' y='9' length='1' style='horizontal'/>
<wall x='8' y='4' length='1' style='horizontal'/>
<wall x='8' y='1' length='1' style='horizontal'/>
<wall x='9' y='9' length='1' style='horizontal'/>
<wall x='9' y='4' length='1' style='horizontal'/>
<wall x='9' y='1' length='1' style='horizontal'/>
<wall x='10' y='9' length='1' style='horizontal'/>
<wall x='10' y='4' length='1' style='horizontal'/>
<wall x='10' y='1' length='1' style='horizontal'/>
<beeper x='11' y='10' num='9'/>
<wall x='11' y='9' length='1' style='horizontal'/>
<wall x='11' y='4' length='1' style='horizontal'/>
<wall x='11' y='4' length='1' style='vertical'/>
<wall x='11' y='3' length='1' style='vertical'/>
<wall x='11' y='2' length='1' style='vertical'/>
<wall x='11' y='1' length='1' style='horizontal'/>
<wall x='12' y='9' length='1' style='horizontal'/>
<wall x='12' y='4' length='1' style='horizontal'/>
<wall x='12' y='1' length='1' style='horizontal'/>
<wall x='13' y='9' length='1' style='horizontal'/>
<wall x='13' y='1' length='1' style='horizontal'/>
<beeper x='14' y='10' num='5'/>
<wall x='14' y='9' length='1' style='horizontal'/>
<wall x='14' y='1' length='1' style='horizontal'/>
<wall x='15' y='9' length='1' style='horizontal'/>
<wall x='15' y='4' length='1' style='vertical'/>
<wall x='15' y='3' length='1' style='vertical'/>
<wall x='15' y='2' length='1' style='vertical'/>
<wall x='15' y='1' length='1' style='horizontal'/>
<wall x='16' y='9' length='1' style='horizontal'/>
<wall x='16' y='4' length='1' style='horizontal'/>
<wall x='16' y='4' length='1' style='vertical'/>
<wall x='16' y='3' length='1' style='vertical'/>
<wall x='16' y='2' length='1' style='vertical'/>
<wall x='16' y='1' length='1' style='horizontal'/>
<wall x='17' y='9' length='1' style='horizontal'/>
<wall x='17' y='4' length='1' style='horizontal'/>
<wall x='17' y='1' length='1' style='horizontal'/>
<wall x='18' y='9' length='1' style='horizontal'/>
<wall x='18' y='1' length='1' style='horizontal'/>
<beeper x='19' y='10' num='16'/>
<wall x='19' y='9' length='1' style='horizontal'/>
<wall x='19' y='1' length='1' style='horizontal'/>
<wall x='20' y='15' length='1' style='vertical'/>
<wall x='20' y='14' length='1' style='vertical'/>
<wall x='20' y='13' length='1' style='vertical'/>
<wall x='20' y='12' length='1' style='vertical'/>
<wall x='20' y='11' length='1' style='vertical'/>
<wall x='20' y='10' length='1' style='vertical'/>
<wall x='20' y='9' length='1' style='horizontal'/>
<wall x='20' y='9' length='1' style='vertical'/>
<wall x='20' y='8' length='1' style='vertical'/>
<wall x='20' y='7' length='1' style='vertical'/>
<wall x='20' y='6' length='1' style='vertical'/>
<wall x='20' y='5' length='1' style='vertical'/>
<wall x='20' y='4' length='1' style='vertical'/>
<wall x='20' y='3' length='1' style='vertical'/>
<beeper x='20' y='2' num='1'/>
<wall x='20' y='2' length='1' style='vertical'/>
<wall x='20' y='1' length='1' style='horizontal'/>
</objects>
</world>
